
> frontend@0.0.0 build
> vite build

[36mvite v8.0.3 [32mbuilding client environment for production...[36m[39m
[2K
transforming...Γ£ô 541 modules transformed.
rendering chunks...
node.exe : [31mΓ£ù[39m 
Build failed in 1.22s
At line:1 char:1
+ & "C:\Program 
Files\nodejs/node.exe" 
"C:\Program 
Files\nodejs/node_mo ...
+ ~~~~~~~~~~~~~~~~~~~~~~~~
~~~~~~~~~~~~~~~~~~~~~~~~~~
~~~~~~~~~~~~~~~~~~~
    + CategoryInfo        
      : NotSpecified: (  
  [31mΓ£ù[39m Build fa   
 iled in 1.22s:String)    
 [], RemoteException
    + FullyQualifiedError 
   Id : NativeCommandErr  
  or
 
[31merror during build:
[31mBuild failed with 10 
errors:

[31m[MISSING_EXPORT] 
Error:[0m 
"ApolloProvider" is not 
exported by "node_modules/
@apollo/client/core/index.
js".
   [38;5;246mΓò¡[0m[38;
5;246mΓöÇ[0m[38;5;246m[
[0m src/App.jsx:2:10 
[38;5;246m][0m
   [38;5;246mΓöé[0m
 [38;5;246m2 Γöé[0m [38
;5;249mi[0m[38;5;249mm[
0m[38;5;249mp[0m[38;5;2
49mo[0m[38;5;249mr[0m[
38;5;249mt[0m[38;5;249m 
[0m[38;5;249m{[0m[38;5
;249m [0mApolloProvider[
38;5;249m [0m[38;5;249m}
[0m[38;5;249m [0m[38;5
;249mf[0m[38;5;249mr[0m
[38;5;249mo[0m[38;5;249
mm[0m[38;5;249m [0m[38
;5;249m"[0m[38;5;249m@[
0m[38;5;249ma[0m[38;5;2
49mp[0m[38;5;249mo[0m[
38;5;249ml[0m[38;5;249ml
[0m[38;5;249mo[0m[38;5
;249m/[0m[38;5;249mc[0m
[38;5;249ml[0m[38;5;249
mi[0m[38;5;249me[0m[38
;5;249mn[0m[38;5;249mt[
0m[38;5;249m"[0m[38;5;2
49m;[0m
 [38;5;240m  Γöé[0m     
     ΓöÇΓöÇΓöÇΓöÇΓöÇΓöÇΓöÇ
Γö¼ΓöÇΓöÇΓöÇΓöÇΓöÇΓöÇ  
 [38;5;240m  Γöé[0m     
            Γò░ΓöÇΓöÇΓöÇΓö
ÇΓöÇΓöÇΓöÇΓöÇ Missing 
export
[38;5;246mΓöÇΓöÇΓöÇΓò»[0
m

[31m[MISSING_EXPORT] 
Error:[0m "useMutation" 
is not exported by "node_m
odules/@apollo/client/core
/index.js".
   [38;5;246mΓò¡[0m[38;
5;246mΓöÇ[0m[38;5;246m[
[0m 
src/pages/Login.jsx:2:10 
[38;5;246m][0m
   [38;5;246mΓöé[0m
 [38;5;246m2 Γöé[0m [38
;5;249mi[0m[38;5;249mm[
0m[38;5;249mp[0m[38;5;2
49mo[0m[38;5;249mr[0m[
38;5;249mt[0m[38;5;249m 
[0m[38;5;249m{[0m[38;5
;249m [0museMutation[38;
5;249m [0m[38;5;249m}[0
m[38;5;249m [0m[38;5;24
9mf[0m[38;5;249mr[0m[3
8;5;249mo[0m[38;5;249mm
[0m[38;5;249m [0m[38;5;
249m"[0m[38;5;249m@[0m
[38;5;249ma[0m[38;5;249m
p[0m[38;5;249mo[0m[38;
5;249ml[0m[38;5;249ml[0
m[38;5;249mo[0m[38;5;24
9m/[0m[38;5;249mc[0m[3
8;5;249ml[0m[38;5;249mi
[0m[38;5;249me[0m[38;5;
249mn[0m[38;5;249mt[0m
[38;5;249m"[0m[38;5;249m
;[0m
 [38;5;240m  Γöé[0m     
     ΓöÇΓöÇΓöÇΓöÇΓöÇΓö¼ΓöÇ
ΓöÇΓöÇΓöÇΓöÇ  
 [38;5;240m  Γöé[0m     
          
Γò░ΓöÇΓöÇΓöÇΓöÇΓöÇΓöÇΓöÇ 
Missing export
[38;5;246mΓöÇΓöÇΓöÇΓò»[0
m

[31m[MISSING_EXPORT] 
Error:[0m "useQuery" is 
not exported by "node_modu
les/@apollo/client/core/in
dex.js".
   [38;5;246mΓò¡[0m[38;
5;246mΓöÇ[0m[38;5;246m[
[0m src/pages/admin/Dashbo
ard.jsx:1:10 
[38;5;246m][0m
   [38;5;246mΓöé[0m
 [38;5;246m1 Γöé[0m [38
;5;249mi[0m[38;5;249mm[
0m[38;5;249mp[0m[38;5;2
49mo[0m[38;5;249mr[0m[
38;5;249mt[0m[38;5;249m 
[0m[38;5;249m{[0m[38;5
;249m 
[0museQuery[38;5;249m [
0m[38;5;249m}[0m[38;5;2
49m [0m[38;5;249mf[0m[
38;5;249mr[0m[38;5;249mo
[0m[38;5;249mm[0m[38;5
;249m [0m[38;5;249m"[0m
[38;5;249m@[0m[38;5;249
ma[0m[38;5;249mp[0m[38
;5;249mo[0m[38;5;249ml[
0m[38;5;249ml[0m[38;5;2
49mo[0m[38;5;249m/[0m[
38;5;249mc[0m[38;5;249ml
[0m[38;5;249mi[0m[38;5
;249me[0m[38;5;249mn[0m
[38;5;249mt[0m[38;5;249
m"[0m[38;5;249m;[0m
 [38;5;240m  Γöé[0m     
     
ΓöÇΓöÇΓöÇΓöÇΓö¼ΓöÇΓöÇΓöÇ  
 [38;5;240m  Γöé[0m     
         
Γò░ΓöÇΓöÇΓöÇΓöÇΓöÇ 
Missing export
[38;5;246mΓöÇΓöÇΓöÇΓò»[0
m

[31m[MISSING_EXPORT] 
Error:[0m "useQuery" is 
not exported by "node_modu
les/@apollo/client/core/in
dex.js".
   [38;5;246mΓò¡[0m[38;
5;246mΓöÇ[0m[38;5;246m[
[0m src/pages/admin/Questi
ons.jsx:2:10 
[38;5;246m][0m
   [38;5;246mΓöé[0m
 [38;5;246m2 Γöé[0m [38
;5;249mi[0m[38;5;249mm[
0m[38;5;249mp[0m[38;5;2
49mo[0m[38;5;249mr[0m[
38;5;249mt[0m[38;5;249m 
[0m[38;5;249m{[0m[38;5
;249m [0museQuery[38;5;2
49m,[0m[38;5;249m [0m[
38;5;249mu[0m[38;5;249ms
[0m[38;5;249me[0m[38;5
;249mM[0m[38;5;249mu[0m
[38;5;249mt[0m[38;5;249
ma[0m[38;5;249mt[0m[38
;5;249mi[0m[38;5;249mo[
0m[38;5;249mn[0m[38;5;2
49m [0m[38;5;249m}[0m[
38;5;249m [0m[38;5;249mf
[0m[38;5;249mr[0m[38;5
;249mo[0m[38;5;249mm[0m
[38;5;249m [0m[38;5;249
m"[0m[38;5;249m@[0m[38
;5;249ma[0m[38;5;249mp[
0m[38;5;249mo[0m[38;5;2
49ml[0m[38;5;249ml[0m[
38;5;249mo[0m[38;5;249m/
[0m[38;5;249mc[0m[38;5
;249ml[0m[38;5;249mi[0m
[38;5;249me[0m[38;5;249
mn[0m[38;5;249mt[0m[38
;5;249m"[0m[38;5;249m;[
0m
 [38;5;240m  Γöé[0m     
     
ΓöÇΓöÇΓöÇΓöÇΓö¼ΓöÇΓöÇΓöÇ  
 [38;5;240m  Γöé[0m     
         
Γò░ΓöÇΓöÇΓöÇΓöÇΓöÇ 
Missing export
[38;5;246mΓöÇΓöÇΓöÇΓò»[0
m

[31m[MISSING_EXPORT] 
Error:[0m "useMutation" 
is not exported by "node_m
odules/@apollo/client/core
/index.js".
   [38;5;246mΓò¡[0m[38;
5;246mΓöÇ[0m[38;5;246m[
[0m src/pages/admin/Questi
ons.jsx:2:20 
[38;5;246m][0m
   [38;5;246mΓöé[0m
 [38;5;246m2 Γöé[0m [38
;5;249mi[0m[38;5;249mm[
0m[38;5;249mp[0m[38;5;2
49mo[0m[38;5;249mr[0m[
38;5;249mt[0m[38;5;249m 
[0m[38;5;249m{[0m[38;5
;249m [0m[38;5;249mu[0m
[38;5;249ms[0m[38;5;249
me[0m[38;5;249mQ[0m[38
;5;249mu[0m[38;5;249me[
0m[38;5;249mr[0m[38;5;2
49my[0m[38;5;249m,[0m[
38;5;249m [0museMutation
[38;5;249m [0m[38;5;249m
}[0m[38;5;249m [0m[38;
5;249mf[0m[38;5;249mr[0
m[38;5;249mo[0m[38;5;24
9mm[0m[38;5;249m [0m[3
8;5;249m"[0m[38;5;249m@
[0m[38;5;249ma[0m[38;5;
249mp[0m[38;5;249mo[0m
[38;5;249ml[0m[38;5;249m
l[0m[38;5;249mo[0m[38;
5;249m/[0m[38;5;249mc[0
m[38;5;249ml[0m[38;5;24
9mi[0m[38;5;249me[0m[3
8;5;249mn[0m[38;5;249mt
[0m[38;5;249m"[0m[38;5;
249m;[0m
 [38;5;240m  Γöé[0m     
               ΓöÇΓöÇΓöÇΓö
ÇΓöÇΓö¼ΓöÇΓöÇΓöÇΓöÇΓöÇ  
 [38;5;240m  Γöé[0m     
                    
Γò░ΓöÇΓöÇΓöÇΓöÇΓöÇΓöÇΓöÇ 
Missing export
[38;5;246mΓöÇΓöÇΓöÇΓò»[0
m

...[31m
    at aggregateBindingErr
orsIntoJsError (file:///C:
/Users/nacht/OneDrive/Docu
ments/AceExam/frontend/nod
e_modules/rolldown/dist/sh
ared/error-BLhcSyeg.mjs:48
:18)
    at 
unwrapBindingResult (file:
///C:/Users/nacht/OneDrive
/Documents/AceExam/fronten
d/node_modules/rolldown/di
st/shared/error-BLhcSyeg.m
js:18:128)
    at #build (file:///C:/
Users/nacht/OneDrive/Docum
ents/AceExam/frontend/node
_modules/rolldown/dist/sha
red/rolldown-build-CPrIX9V
6.mjs:3313:34)
    at async 
buildEnvironment (file:///
C:/Users/nacht/OneDrive/Do
cuments/AceExam/frontend/n
ode_modules/vite/dist/node
/chunks/node.js:32849:64)
    at async Object.build 
(file:///C:/Users/nacht/On
eDrive/Documents/AceExam/f
rontend/node_modules/vite/
dist/node/chunks/node.js:3
3271:19)
    at async 
Object.buildApp (file:///C
:/Users/nacht/OneDrive/Doc
uments/AceExam/frontend/no
de_modules/vite/dist/node/
chunks/node.js:33268:153)
    at async 
CAC.<anonymous> (file:///C
:/Users/nacht/OneDrive/Doc
uments/AceExam/frontend/no
de_modules/vite/dist/node/
cli.js:778:3) {
  errors: [Getter/Setter]
}[39m
